Archive member included to satisfy reference by file (symbol)

/Applications/ArmGNUToolchain/15.2.rel1/arm-none-eabi/bin/../lib/gcc/arm-none-eabi/15.2.1/../../../../arm-none-eabi/lib/thumb/v7e-m/nofp/libg_nano.a(libc_a-exit.o)
                              /Applications/ArmGNUToolchain/15.2.rel1/arm-none-eabi/bin/../lib/gcc/arm-none-eabi/15.2.1/../../../../arm-none-eabi/lib/thumb/v7e-m/nofp/crt0.o (exit)
/Applications/ArmGNUToolchain/15.2.rel1/arm-none-eabi/bin/../lib/gcc/arm-none-eabi/15.2.1/../../../../arm-none-eabi/lib/thumb/v7e-m/nofp/libg_nano.a(libc_a-findfp.o)
                              /Applications/ArmGNUToolchain/15.2.rel1/arm-none-eabi/bin/../lib/gcc/arm-none-eabi/15.2.1/../../../../arm-none-eabi/lib/thumb/v7e-m/nofp/libg_nano.a(libc_a-exit.o) (__stdio_exit_handler)
/Applications/ArmGNUToolchain/15.2.rel1/arm-none-eabi/bin/../lib/gcc/arm-none-eabi/15.2.1/../../../../arm-none-eabi/lib/thumb/v7e-m/nofp/libg_nano.a(libc_a-fwalk.o)
                              /Applications/ArmGNUToolchain/15.2.rel1/arm-none-eabi/bin/../lib/gcc/arm-none-eabi/15.2.1/../../../../arm-none-eabi/lib/thumb/v7e-m/nofp/libg_nano.a(libc_a-findfp.o) (_fwalk_sglue)
/Applications/ArmGNUToolchain/15.2.rel1/arm-none-eabi/bin/../lib/gcc/arm-none-eabi/15.2.1/../../../../arm-none-eabi/lib/thumb/v7e-m/nofp/libg_nano.a(libc_a-memset.o)
                              /Applications/ArmGNUToolchain/15.2.rel1/arm-none-eabi/bin/../lib/gcc/arm-none-eabi/15.2.1/../../../../arm-none-eabi/lib/thumb/v7e-m/nofp/crt0.o (memset)
/Applications/ArmGNUToolchain/15.2.rel1/arm-none-eabi/bin/../lib/gcc/arm-none-eabi/15.2.1/../../../../arm-none-eabi/lib/thumb/v7e-m/nofp/libg_nano.a(libc_a-errno.o)
                              objdir-CWLITEARM/stm32f3_sysmem.o (__errno)
/Applications/ArmGNUToolchain/15.2.rel1/arm-none-eabi/bin/../lib/gcc/arm-none-eabi/15.2.1/../../../../arm-none-eabi/lib/thumb/v7e-m/nofp/libg_nano.a(libc_a-init.o)
                              /Applications/ArmGNUToolchain/15.2.rel1/arm-none-eabi/bin/../lib/gcc/arm-none-eabi/15.2.1/../../../../arm-none-eabi/lib/thumb/v7e-m/nofp/crt0.o (__libc_init_array)
/Applications/ArmGNUToolchain/15.2.rel1/arm-none-eabi/bin/../lib/gcc/arm-none-eabi/15.2.1/../../../../arm-none-eabi/lib/thumb/v7e-m/nofp/libg_nano.a(libc_a-lock.o)
                              /Applications/ArmGNUToolchain/15.2.rel1/arm-none-eabi/bin/../lib/gcc/arm-none-eabi/15.2.1/../../../../arm-none-eabi/lib/thumb/v7e-m/nofp/libg_nano.a(libc_a-findfp.o) (__retarget_lock_init_recursive)
/Applications/ArmGNUToolchain/15.2.rel1/arm-none-eabi/bin/../lib/gcc/arm-none-eabi/15.2.1/../../../../arm-none-eabi/lib/thumb/v7e-m/nofp/libg_nano.a(libc_a-impure.o)
                              /Applications/ArmGNUToolchain/15.2.rel1/arm-none-eabi/bin/../lib/gcc/arm-none-eabi/15.2.1/../../../../arm-none-eabi/lib/thumb/v7e-m/nofp/libg_nano.a(libc_a-errno.o) (_impure_ptr)
/Applications/ArmGNUToolchain/15.2.rel1/arm-none-eabi/bin/../lib/gcc/arm-none-eabi/15.2.1/../../../../arm-none-eabi/lib/thumb/v7e-m/nofp/libg_nano.a(libc_a-mallocr.o)
                              /Applications/ArmGNUToolchain/15.2.rel1/arm-none-eabi/bin/../lib/gcc/arm-none-eabi/15.2.1/../../../../arm-none-eabi/lib/thumb/v7e-m/nofp/libg_nano.a(libc_a-findfp.o) (_malloc_r)
/Applications/ArmGNUToolchain/15.2.rel1/arm-none-eabi/bin/../lib/gcc/arm-none-eabi/15.2.1/../../../../arm-none-eabi/lib/thumb/v7e-m/nofp/libg_nano.a(libc_a-mlock.o)
                              /Applications/ArmGNUToolchain/15.2.rel1/arm-none-eabi/bin/../lib/gcc/arm-none-eabi/15.2.1/../../../../arm-none-eabi/lib/thumb/v7e-m/nofp/libg_nano.a(libc_a-mallocr.o) (__malloc_lock)
/Applications/ArmGNUToolchain/15.2.rel1/arm-none-eabi/bin/../lib/gcc/arm-none-eabi/15.2.1/../../../../arm-none-eabi/lib/thumb/v7e-m/nofp/libg_nano.a(libc_a-stdio.o)
                              /Applications/ArmGNUToolchain/15.2.rel1/arm-none-eabi/bin/../lib/gcc/arm-none-eabi/15.2.1/../../../../arm-none-eabi/lib/thumb/v7e-m/nofp/libg_nano.a(libc_a-findfp.o) (__sread)
/Applications/ArmGNUToolchain/15.2.rel1/arm-none-eabi/bin/../lib/gcc/arm-none-eabi/15.2.1/../../../../arm-none-eabi/lib/thumb/v7e-m/nofp/libg_nano.a(libc_a-fflush.o)
                              /Applications/ArmGNUToolchain/15.2.rel1/arm-none-eabi/bin/../lib/gcc/arm-none-eabi/15.2.1/../../../../arm-none-eabi/lib/thumb/v7e-m/nofp/libg_nano.a(libc_a-findfp.o) (_fflush_r)
/Applications/ArmGNUToolchain/15.2.rel1/arm-none-eabi/bin/../lib/gcc/arm-none-eabi/15.2.1/../../../../arm-none-eabi/lib/thumb/v7e-m/nofp/libg_nano.a(libc_a-lseekr.o)
                              /Applications/ArmGNUToolchain/15.2.rel1/arm-none-eabi/bin/../lib/gcc/arm-none-eabi/15.2.1/../../../../arm-none-eabi/lib/thumb/v7e-m/nofp/libg_nano.a(libc_a-stdio.o) (_lseek_r)
/Applications/ArmGNUToolchain/15.2.rel1/arm-none-eabi/bin/../lib/gcc/arm-none-eabi/15.2.1/../../../../arm-none-eabi/lib/thumb/v7e-m/nofp/libg_nano.a(libc_a-readr.o)
[...]
Memory Configuration

Name             Origin             Length             Attributes
RAM              0x20000000         0x0000a000         xrw
ROM              0x08000000         0x00040000         xr
*default*        0x00000000         0xffffffff

Linker script and memory map

LOAD /Applications/ArmGNUToolchain/15.2.rel1/arm-none-eabi/bin/../lib/gcc/arm-none-eabi/15.2.1/thumb/v7e-m/nofp/crti.o
LOAD /Applications/ArmGNUToolchain/15.2.rel1/arm-none-eabi/bin/../lib/gcc/arm-none-eabi/15.2.1/thumb/v7e-m/nofp/crtbegin.o
LOAD /Applications/ArmGNUToolchain/15.2.rel1/arm-none-eabi/bin/../lib/gcc/arm-none-eabi/15.2.1/../../../../arm-none-eabi/lib/thumb/v7e-m/nofp/crt0.o
LOAD objdir-CWLITEARM/c_code.o
LOAD objdir-CWLITEARM/simpleserial.o
LOAD objdir-CWLITEARM/stm32f3_hal.o
LOAD objdir-CWLITEARM/stm32f3_hal_lowlevel.o
LOAD objdir-CWLITEARM/stm32f3_sysmem.o
LOAD objdir-CWLITEARM/aes.o
LOAD objdir-CWLITEARM/aes-independant.o
LOAD objdir-CWLITEARM/stm32f3_startup.o
LOAD /Applications/ArmGNUToolchain/15.2.rel1/arm-none-eabi/bin/../lib/gcc/arm-none-eabi/15.2.1/../../../../arm-none-eabi/lib/thumb/v7e-m/nofp/libm.a
LOAD /Applications/ArmGNUToolchain/15.2.rel1/arm-none-eabi/bin/../lib/gcc/arm-none-eabi/15.2.1/../../../../arm-none-eabi/lib/thumb/v7e-m/nofp/libm.a
START GROUP
LOAD /Applications/ArmGNUToolchain/15.2.rel1/arm-none-eabi/bin/../lib/gcc/arm-none-eabi/15.2.1/thumb/v7e-m/nofp/libgcc.a
LOAD /Applications/ArmGNUToolchain/15.2.rel1/arm-none-eabi/bin/../lib/gcc/arm-none-eabi/15.2.1/../../../../arm-none-eabi/lib/thumb/v7e-m/nofp/libg_nano.a
LOAD /Applications/ArmGNUToolchain/15.2.rel1/arm-none-eabi/bin/../lib/gcc/arm-none-eabi/15.2.1/../../../../arm-none-eabi/lib/thumb/v7e-m/nofp/libc_nano.a
END GROUP
START GROUP
LOAD /Applications/ArmGNUToolchain/15.2.rel1/arm-none-eabi/bin/../lib/gcc/arm-none-eabi/15.2.1/thumb/v7e-m/nofp/libgcc.a
LOAD /Applications/ArmGNUToolchain/15.2.rel1/arm-none-eabi/bin/../lib/gcc/arm-none-eabi/15.2.1/../../../../arm-none-eabi/lib/thumb/v7e-m/nofp/libc_nano.a
LOAD /Applications/ArmGNUToolchain/15.2.rel1/arm-none-eabi/bin/../lib/gcc/arm-none-eabi/15.2.1/../../../../arm-none-eabi/lib/thumb/v7e-m/nofp/libnosys.a
END GROUP
START GROUP
LOAD /Applications/ArmGNUToolchain/15.2.rel1/arm-none-eabi/bin/../lib/gcc/arm-none-eabi/15.2.1/thumb/v7e-m/nofp/libgcc.a
LOAD /Applications/ArmGNUToolchain/15.2.rel1/arm-none-eabi/bin/../lib/gcc/arm-none-eabi/15.2.1/../../../../arm-none-eabi/lib/thumb/v7e-m/nofp/libc_nano.a
LOAD /Applications/ArmGNUToolchain/15.2.rel1/arm-none-eabi/bin/../lib/gcc/arm-none-eabi/15.2.1/../../../../arm-none-eabi/lib/thumb/v7e-m/nofp/libnosys.a
END GROUP
LOAD /Applications/ArmGNUToolchain/15.2.rel1/arm-none-eabi/bin/../lib/gcc/arm-none-eabi/15.2.1/thumb/v7e-m/nofp/crtend.o
LOAD /Applications/ArmGNUToolchain/15.2.rel1/arm-none-eabi/bin/../lib/gcc/arm-none-eabi/15.2.1/thumb/v7e-m/nofp/crtn.o
                0x2000a000                        _estack = 0x2000a000
                0x00000000                        _Min_Heap_Size = 0x0
                0x00000400                        _Min_Stack_Size = 0x400

.isr_vector     0x08000000      0x188
                0x08000000                        . = ALIGN (0x4)
 *(.isr_vector)
 .isr_vector    0x08000000      0x188 objdir-CWLITEARM/stm32f3_startup.o
                0x08000000                g_pfnVectors
                0x08000188                        . = ALIGN (0x4)

.text           0x08000188     0x170c
                0x08000188                        . = ALIGN (0x4)
 *(.text)
 *(.text*)
 .text.deregister_tm_clones
                0x08000188       0x1c /Applications/ArmGNUToolchain/15.2.rel1/arm-none-eabi/bin/../lib/gcc/arm-none-eabi/15.2.1/thumb/v7e-m/nofp/crtbegin.o
 .text.register_tm_clones
                0x080001a4       0x24 /Applications/ArmGNUToolchain/15.2.rel1/arm-none-eabi/bin/../lib/gcc/arm-none-eabi/15.2.1/thumb/v7e-m/nofp/crtbegin.o
 .text.__do_global_dtors_aux
                0x080001c8       0x28 /Applications/ArmGNUToolchain/15.2.rel1/arm-none-eabi/bin/../lib/gcc/arm-none-eabi/15.2.1/thumb/v7e-m/nofp/crtbegin.o
 .text.frame_dummy
                0x080001f0       0x24 /Applications/ArmGNUToolchain/15.2.rel1/arm-none-eabi/bin/../lib/gcc/arm-none-eabi/15.2.1/thumb/v7e-m/nofp/crtbegin.o
 .text.unpack_u32_le
                0x08000214        0x4 objdir-CWLITEARM/c_code.o
 .text.compute_interleaved_poly
                0x08000218       0x48 objdir-CWLITEARM/c_code.o
 .text.collapse_shares
                0x08000260       0x44 objdir-CWLITEARM/c_code.o
 .text.set_mode_flags
                0x080002a4       0x28 objdir-CWLITEARM/c_code.o
                0x080002a4                set_mode_flags
 .text.set_seed_lfsr
                0x080002cc       0xd8 objdir-CWLITEARM/c_code.o
                0x080002cc                set_seed_lfsr
 .text.step_lfsr
                0x080003a4      0x4a4 objdir-CWLITEARM/c_code.o
                0x080003a4                step_lfsr
 .text.startup.main
                0x08000848       0x44 objdir-CWLITEARM/c_code.o
                0x08000848                main
 .text.check_version
                0x0800088c        0x4 objdir-CWLITEARM/simpleserial.o
                0x0800088c                check_version
 .text.hex_decode
                0x08000890       0x78 objdir-CWLITEARM/simpleserial.o
                0x08000890                hex_decode
 .text.simpleserial_addcmd_flags
                0x08000908       0x2c objdir-CWLITEARM/simpleserial.o
                0x08000908                simpleserial_addcmd_flags
 .text.simpleserial_addcmd
                0x08000934        0x6 objdir-CWLITEARM/simpleserial.o
                0x08000934                simpleserial_addcmd
 *fill*         0x0800093a        0x2 
 .text.simpleserial_init
                0x0800093c       0x2c objdir-CWLITEARM/simpleserial.o
                0x0800093c                simpleserial_init
 .text.simpleserial_put
                0x08000968       0x48 objdir-CWLITEARM/simpleserial.o
                0x08000968                simpleserial_put
 .text.ss_num_commands
                0x080009b0       0x20 objdir-CWLITEARM/simpleserial.o
                0x080009b0                ss_num_commands
 .text.ss_get_commands
                0x080009d0       0x4c objdir-CWLITEARM/simpleserial.o
                0x080009d0                ss_get_commands
 .text.simpleserial_get
                0x08000a1c       0xc4 objdir-CWLITEARM/simpleserial.o
                0x08000a1c                simpleserial_get
 .text.platform_init
                0x08000ae0       0x7c objdir-CWLITEARM/stm32f3_hal.o
                0x08000ae0                platform_init
 .text.init_uart
                0x08000b5c       0x7c objdir-CWLITEARM/stm32f3_hal.o
                0x08000b5c                init_uart
 .text.trigger_setup
                0x08000bd8       0x48 objdir-CWLITEARM/stm32f3_hal.o
                0x08000bd8                trigger_setup
 .text.trigger_high
                0x08000c20        0xe objdir-CWLITEARM/stm32f3_hal.o
                0x08000c20                trigger_high
 .text.trigger_low
                0x08000c2e        0xe objdir-CWLITEARM/stm32f3_hal.o
                0x08000c2e                trigger_low
 .text.getch    0x08000c3c       0x30 objdir-CWLITEARM/stm32f3_hal.o
                0x08000c3c                getch
 .text.putch    0x08000c6c       0x20 objdir-CWLITEARM/stm32f3_hal.o
                0x08000c6c                putch
 .text.HAL_GetTick
                0x08000c8c       0x10 objdir-CWLITEARM/stm32f3_hal_lowlevel.o
                0x08000c8c                HAL_GetTick
 .text.HAL_RCC_OscConfig
                0x08000c9c      0x48c objdir-CWLITEARM/stm32f3_hal_lowlevel.o
                0x08000c9c                HAL_RCC_OscConfig
 .text.HAL_RCC_ClockConfig
                0x08001128      0x140 objdir-CWLITEARM/stm32f3_hal_lowlevel.o
                0x08001128                HAL_RCC_ClockConfig
 .text.HAL_GPIO_Init
                0x08001268      0x174 objdir-CWLITEARM/stm32f3_hal_lowlevel.o
                0x08001268                HAL_GPIO_Init
 .text.HAL_GPIO_WritePin
                0x080013dc        0xa objdir-CWLITEARM/stm32f3_hal_lowlevel.o
                0x080013dc                HAL_GPIO_WritePin
 *fill*         0x080013e6        0x2 
 .text.UART_SetConfig
                0x080013e8      0x15c objdir-CWLITEARM/stm32f3_hal_lowlevel.o
                0x080013e8                UART_SetConfig
 .text.UART_WaitOnFlagUntilTimeout
                0x08001544       0x5c objdir-CWLITEARM/stm32f3_hal_lowlevel.o
                0x08001544                UART_WaitOnFlagUntilTimeout
 .text.UART_CheckIdleState
                0x080015a0       0x62 objdir-CWLITEARM/stm32f3_hal_lowlevel.o
                0x080015a0                UART_CheckIdleState
 .text.HAL_UART_Init
                0x08001602       0x54 objdir-CWLITEARM/stm32f3_hal_lowlevel.o
                0x08001602                HAL_UART_Init
 .text.HAL_UART_Transmit
                0x08001656       0xaa objdir-CWLITEARM/stm32f3_hal_lowlevel.o
                0x08001656                HAL_UART_Transmit
 .text.HAL_UART_Receive
                0x08001700       0xd8 objdir-CWLITEARM/stm32f3_hal_lowlevel.o
                0x08001700                HAL_UART_Receive
 .text.Reset_Handler
                0x080017d8       0x48 objdir-CWLITEARM/stm32f3_startup.o
                0x080017d8                Reset_Handler
 .text.Default_Handler
                0x08001820        0x2 objdir-CWLITEARM/stm32f3_startup.o
                0x08001820                BusFault_Handler
                0x08001820                HardFault_Handler
                0x08001820                SysTick_Handler
                0x08001820                PendSV_Handler
                0x08001820                NMI_Handler
                0x08001820                UsageFault_Handler
                0x08001820                Default_Handler
                0x08001820                MemManage_Handler
                0x08001820                SVC_Handler
                0x08001820                DebugMon_Handler
 .text.memset   0x08001822       0x10 /Applications/ArmGNUToolchain/15.2.rel1/arm-none-eabi/bin/../lib/gcc/arm-none-eabi/15.2.1/../../../../arm-none-eabi/lib/thumb/v7e-m/nofp/libg_nano.a(libc_a-memset.o)
                0x08001822                memset
 *fill*         0x08001832        0x2 
 .text.__libc_init_array
                0x08001834       0x48 /Applications/ArmGNUToolchain/15.2.rel1/arm-none-eabi/bin/../lib/gcc/arm-none-eabi/15.2.1/../../../../arm-none-eabi/lib/thumb/v7e-m/nofp/libg_nano.a(libc_a-init.o)
                0x08001834                __libc_init_array
 *(.glue_7)
 .glue_7        0x0800187c        0x0 linker stubs
 *(.glue_7t)
 .glue_7t       0x0800187c        0x0 linker stubs
 *(.eh_frame)
 .eh_frame      0x0800187c        0x0 /Applications/ArmGNUToolchain/15.2.rel1/arm-none-eabi/bin/../lib/gcc/arm-none-eabi/15.2.1/thumb/v7e-m/nofp/crtbegin.o
 *(.init)
 .init          0x0800187c        0x4 /Applications/ArmGNUToolchain/15.2.rel1/arm-none-eabi/bin/../lib/gcc/arm-none-eabi/15.2.1/thumb/v7e-m/nofp/crti.o
                0x0800187c                _init
 .init          0x08001880        0x8 /Applications/ArmGNUToolchain/15.2.rel1/arm-none-eabi/bin/../lib/gcc/arm-none-eabi/15.2.1/thumb/v7e-m/nofp/crtn.o
 *(.fini)
 .fini          0x08001888        0x4 /Applications/ArmGNUToolchain/15.2.rel1/arm-none-eabi/bin/../lib/gcc/arm-none-eabi/15.2.1/thumb/v7e-m/nofp/crti.o
                0x08001888                _fini
 .fini          0x0800188c        0x8 /Applications/ArmGNUToolchain/15.2.rel1/arm-none-eabi/bin/../lib/gcc/arm-none-eabi/15.2.1/thumb/v7e-m/nofp/crtn.o
                0x08001894                        . = ALIGN (0x4)
                0x08001894                        _etext = .

.vfp11_veneer   0x08001894        0x0
 .vfp11_veneer  0x08001894        0x0 linker stubs

.v4_bx          0x08001894        0x0
 .v4_bx         0x08001894        0x0 linker stubs

.iplt           0x08001894        0x0
 .iplt          0x08001894        0x0 /Applications/ArmGNUToolchain/15.2.rel1/arm-none-eabi/bin/../lib/gcc/arm-none-eabi/15.2.1/thumb/v7e-m/nofp/crtbegin.o

.rodata         0x08001894      0x110
                0x08001894                        . = ALIGN (0x4)
 *(.rodata)
 .rodata        0x08001894      0x110 objdir-CWLITEARM/simpleserial.o
 *(.rodata*)
                0x080019a4                        . = ALIGN (0x4)

.rel.dyn        0x080019a4        0x0
 .rel.iplt      0x080019a4        0x0 /Applications/ArmGNUToolchain/15.2.rel1/arm-none-eabi/bin/../lib/gcc/arm-none-eabi/15.2.1/thumb/v7e-m/nofp/crtbegin.o

.ARM.extab      0x080019a4        0x0
                0x080019a4                        . = ALIGN (0x4)
 *(.ARM.extab* .gnu.linkonce.armextab.*)
                0x080019a4                        . = ALIGN (0x4)

.ARM            0x080019a4        0x0
                0x080019a4                        . = ALIGN (0x4)
                0x080019a4                        __exidx_start = .
 *(.ARM.exidx*)
                0x080019a4                        __exidx_end = .
                0x080019a4                        . = ALIGN (0x4)

.preinit_array  0x080019a4        0x0
                0x080019a4                        . = ALIGN (0x4)
                0x080019a4                        PROVIDE (__preinit_array_start = .)
 *(.preinit_array*)
                0x080019a4                        PROVIDE (__preinit_array_end = .)
                0x080019a4                        . = ALIGN (0x4)

.init_array     0x080019a4        0x4
                0x080019a4                        . = ALIGN (0x4)
                0x080019a4                        PROVIDE (__init_array_start = .)
 *(SORT_BY_NAME(.init_array.*))
 *(.init_array*)
 .init_array    0x080019a4        0x4 /Applications/ArmGNUToolchain/15.2.rel1/arm-none-eabi/bin/../lib/gcc/arm-none-eabi/15.2.1/thumb/v7e-m/nofp/crtbegin.o
                0x080019a8                        PROVIDE (__init_array_end = .)
                0x080019a8                        . = ALIGN (0x4)

.fini_array     0x080019a8        0x4
                0x080019a8                        . = ALIGN (0x4)
                [!provide]                        PROVIDE (__fini_array_start = .)
 *(SORT_BY_NAME(.fini_array.*))
 *(.fini_array*)
 .fini_array    0x080019a8        0x4 /Applications/ArmGNUToolchain/15.2.rel1/arm-none-eabi/bin/../lib/gcc/arm-none-eabi/15.2.1/thumb/v7e-m/nofp/crtbegin.o
                [!provide]                        PROVIDE (__fini_array_end = .)
                0x080019ac                        . = ALIGN (0x4)
                0x080019ac                        _sidata = LOADADDR (.data)

.data           0x20000000        0x0 load address 0x080019ac
                0x20000000                        . = ALIGN (0x4)
                0x20000000                        _sdata = .
 *(.data)
 *(.data*)
                0x20000000                        . = ALIGN (0x4)
                0x20000000                        _edata = .

.tm_clone_table
                0x20000000        0x0 load address 0x080019ac
 .tm_clone_table
                0x20000000        0x0 /Applications/ArmGNUToolchain/15.2.rel1/arm-none-eabi/bin/../lib/gcc/arm-none-eabi/15.2.1/thumb/v7e-m/nofp/crtbegin.o
 .tm_clone_table
                0x20000000        0x0 /Applications/ArmGNUToolchain/15.2.rel1/arm-none-eabi/bin/../lib/gcc/arm-none-eabi/15.2.1/thumb/v7e-m/nofp/crtend.o

.igot.plt       0x20000000        0x0 load address 0x080019ac
 .igot.plt      0x20000000        0x0 /Applications/ArmGNUToolchain/15.2.rel1/arm-none-eabi/bin/../lib/gcc/arm-none-eabi/15.2.1/thumb/v7e-m/nofp/crtbegin.o
                0x20000000                        . = ALIGN (0x4)

.bss            0x20000000      0x1c4 load address 0x080019ac
                0x20000000                        _sbss = .
                0x20000000                        __bss_start__ = _sbss
 *(.bss)
 .bss           0x20000000       0x2c objdir-CWLITEARM/c_code.o
 .bss           0x2000002c      0x104 objdir-CWLITEARM/simpleserial.o
 .bss           0x20000130       0x70 objdir-CWLITEARM/stm32f3_hal.o
                0x20000130                UartHandle
 .bss           0x200001a0        0x8 objdir-CWLITEARM/stm32f3_hal_lowlevel.o
                0x200001a0                hal_sys_tick
                0x200001a4                uwTick
 *(.bss*)
 .bss.completed.1
                0x200001a8        0x1 /Applications/ArmGNUToolchain/15.2.rel1/arm-none-eabi/bin/../lib/gcc/arm-none-eabi/15.2.1/thumb/v7e-m/nofp/crtbegin.o
 *fill*         0x200001a9        0x3 
 .bss.object.0  0x200001ac       0x18 /Applications/ArmGNUToolchain/15.2.rel1/arm-none-eabi/bin/../lib/gcc/arm-none-eabi/15.2.1/thumb/v7e-m/nofp/crtbegin.o
 *(COMMON)
                0x200001c4                        . = ALIGN (0x4)
                0x200001c4                        _ebss = .
                0x200001c4                        __bss_end__ = _ebss

._user_heap_stack
                0x200001c4      0x404 load address 0x080019ac
                0x200001c8                        . = ALIGN (0x8)
 *fill*         0x200001c4        0x4 
                0x200001c8                        PROVIDE (end = .)
                [!provide]                        PROVIDE (_end = .)
                0x200001c8                        . = (. + _Min_Heap_Size)
                0x200005c8                        . = (. + _Min_Stack_Size)
 *fill*         0x200001c8      0x400 
                0x200005c8                        . = ALIGN (0x8)

/DISCARD/
 libc.a(*)
 libm.a(*)
 libgcc.a(*)

.ARM.attributes
                0x00000000       0x2a
 *(.ARM.attributes)
 .ARM.attributes
                0x00000000       0x1e /Applications/ArmGNUToolchain/15.2.rel1/arm-none-eabi/bin/../lib/gcc/arm-none-eabi/15.2.1/thumb/v7e-m/nofp/crti.o
 .ARM.attributes
                0x0000001e       0x2e /Applications/ArmGNUToolchain/15.2.rel1/arm-none-eabi/bin/../lib/gcc/arm-none-eabi/15.2.1/thumb/v7e-m/nofp/crtbegin.o
 .ARM.attributes
                0x0000004c       0x2e objdir-CWLITEARM/c_code.o
 .ARM.attributes
                0x0000007a       0x2e objdir-CWLITEARM/simpleserial.o
 .ARM.attributes
                0x000000a8       0x2e objdir-CWLITEARM/stm32f3_hal.o
 .ARM.attributes
                0x000000d6       0x2e objdir-CWLITEARM/stm32f3_hal_lowlevel.o
 .ARM.attributes
                0x00000104       0x21 objdir-CWLITEARM/stm32f3_startup.o
 .ARM.attributes
                0x00000125       0x2e /Applications/ArmGNUToolchain/15.2.rel1/arm-none-eabi/bin/../lib/gcc/arm-none-eabi/15.2.1/../../../../arm-none-eabi/lib/thumb/v7e-m/nofp/libg_nano.a(libc_a-memset.o)
 .ARM.attributes
                0x00000153       0x2e /Applications/ArmGNUToolchain/15.2.rel1/arm-none-eabi/bin/../lib/gcc/arm-none-eabi/15.2.1/../../../../arm-none-eabi/lib/thumb/v7e-m/nofp/libg_nano.a(libc_a-init.o)
 .ARM.attributes
                0x00000181       0x2e /Applications/ArmGNUToolchain/15.2.rel1/arm-none-eabi/bin/../lib/gcc/arm-none-eabi/15.2.1/thumb/v7e-m/nofp/crtend.o
 .ARM.attributes
                0x000001af       0x1e /Applications/ArmGNUToolchain/15.2.rel1/arm-none-eabi/bin/../lib/gcc/arm-none-eabi/15.2.1/thumb/v7e-m/nofp/crtn.o
OUTPUT(output-CWLITEARM.elf elf32-littlearm)
LOAD linker stubs
LOAD /Applications/ArmGNUToolchain/15.2.rel1/arm-none-eabi/bin/../lib/gcc/arm-none-eabi/15.2.1/../../../../arm-none-eabi/lib/thumb/v7e-m/nofp/libc.a
LOAD /Applications/ArmGNUToolchain/15.2.rel1/arm-none-eabi/bin/../lib/gcc/arm-none-eabi/15.2.1/../../../../arm-none-eabi/lib/thumb/v7e-m/nofp/libm.a
LOAD /Applications/ArmGNUToolchain/15.2.rel1/arm-none-eabi/bin/../lib/gcc/arm-none-eabi/15.2.1/thumb/v7e-m/nofp/libgcc.a

.debug_info     0x00000000     0x46a3
 .debug_info    0x00000000      0xb46 objdir-CWLITEARM/c_code.o
 .debug_info    0x00000b46      0x81b objdir-CWLITEARM/simpleserial.o
 .debug_info    0x00001361      0xf54 objdir-CWLITEARM/stm32f3_hal.o
 .debug_info    0x000022b5     0x23ee objdir-CWLITEARM/stm32f3_hal_lowlevel.o

.debug_abbrev   0x00000000      0xd20
 .debug_abbrev  0x00000000      0x379 objdir-CWLITEARM/c_code.o
 .debug_abbrev  0x00000379      0x2f2 objdir-CWLITEARM/simpleserial.o
 .debug_abbrev  0x0000066b      0x24c objdir-CWLITEARM/stm32f3_hal.o
 .debug_abbrev  0x000008b7      0x469 objdir-CWLITEARM/stm32f3_hal_lowlevel.o

.debug_loc      0x00000000     0x268b
 .debug_loc     0x00000000      0x920 objdir-CWLITEARM/c_code.o
 .debug_loc     0x00000920      0x6c6 objdir-CWLITEARM/simpleserial.o
 .debug_loc     0x00000fe6      0x1b6 objdir-CWLITEARM/stm32f3_hal.o
 .debug_loc     0x0000119c     0x14ef objdir-CWLITEARM/stm32f3_hal_lowlevel.o

.debug_aranges  0x00000000      0x1d8
 .debug_aranges
                0x00000000       0x60 objdir-CWLITEARM/c_code.o
 .debug_aranges
                0x00000060       0x78 objdir-CWLITEARM/simpleserial.o
 .debug_aranges
                0x000000d8       0x60 objdir-CWLITEARM/stm32f3_hal.o
 .debug_aranges
                0x00000138       0xa0 objdir-CWLITEARM/stm32f3_hal_lowlevel.o

.debug_ranges   0x00000000      0x518
 .debug_ranges  0x00000000      0x140 objdir-CWLITEARM/c_code.o
 .debug_ranges  0x00000140      0x118 objdir-CWLITEARM/simpleserial.o
 .debug_ranges  0x00000258       0xc0 objdir-CWLITEARM/stm32f3_hal.o
 .debug_ranges  0x00000318      0x200 objdir-CWLITEARM/stm32f3_hal_lowlevel.o

.debug_line     0x00000000     0x2742
 .debug_line    0x00000000      0x5c4 objdir-CWLITEARM/c_code.o
 .debug_line    0x000005c4      0x5b2 objdir-CWLITEARM/simpleserial.o
 .debug_line    0x00000b76      0x3f1 objdir-CWLITEARM/stm32f3_hal.o
 .debug_line    0x00000f67     0x17db objdir-CWLITEARM/stm32f3_hal_lowlevel.o

.debug_str      0x00000000     0x149d
 .debug_str     0x00000000     0x149d objdir-CWLITEARM/c_code.o
                                0x45b (size before relaxing)
 .debug_str     0x0000149d        0x0 objdir-CWLITEARM/simpleserial.o
                                0x31e (size before relaxing)
 .debug_str     0x0000149d        0x0 objdir-CWLITEARM/stm32f3_hal.o
                                0x97b (size before relaxing)
 .debug_str     0x0000149d        0x0 objdir-CWLITEARM/stm32f3_hal_lowlevel.o
                               0x11a4 (size before relaxing)

.comment        0x00000000       0x45
 .comment       0x00000000       0x45 objdir-CWLITEARM/c_code.o
                                 0x46 (size before relaxing)
 .comment       0x00000045        0x0 objdir-CWLITEARM/simpleserial.o
                                 0x46 (size before relaxing)
 .comment       0x00000045        0x0 objdir-CWLITEARM/stm32f3_hal.o
                                 0x46 (size before relaxing)
 .comment       0x00000045        0x0 objdir-CWLITEARM/stm32f3_hal_lowlevel.o
                                 0x46 (size before relaxing)

.debug_frame    0x00000000      0x574
 .debug_frame   0x00000000      0x108 objdir-CWLITEARM/c_code.o
 .debug_frame   0x00000108      0x154 objdir-CWLITEARM/simpleserial.o
 .debug_frame   0x0000025c       0xec objdir-CWLITEARM/stm32f3_hal.o
 .debug_frame   0x00000348      0x1e0 objdir-CWLITEARM/stm32f3_hal_lowlevel.o
 .debug_frame   0x00000528       0x20 /Applications/ArmGNUToolchain/15.2.rel1/arm-none-eabi/bin/../lib/gcc/arm-none-eabi/15.2.1/../../../../arm-none-eabi/lib/thumb/v7e-m/nofp/libg_nano.a(libc_a-memset.o)
 .debug_frame   0x00000548       0x2c /Applications/ArmGNUToolchain/15.2.rel1/arm-none-eabi/bin/../lib/gcc/arm-none-eabi/15.2.1/../../../../arm-none-eabi/lib/thumb/v7e-m/nofp/libg_nano.a(libc_a-init.o)

.stab           0x00000000      0x144
 .stab          0x00000000      0x144 objdir-CWLITEARM/stm32f3_startup.o

.stabstr        0x00000000       0x70
 .stabstr       0x00000000       0x70 objdir-CWLITEARM/stm32f3_startup.o

Cross Reference Table

Symbol                                            File
AES128_ECB_decrypt                                objdir-CWLITEARM/aes.o
AES128_ECB_encrypt                                objdir-CWLITEARM/aes.o
AES128_ECB_indp_crypto                            objdir-CWLITEARM/aes.o
                                                  objdir-CWLITEARM/aes-independant.o
AES128_ECB_indp_setkey                            objdir-CWLITEARM/aes.o
                                                  objdir-CWLITEARM/aes-independant.o
BusFault_Handler                                  objdir-CWLITEARM/stm32f3_startup.o
DebugMon_Handler                                  objdir-CWLITEARM/stm32f3_startup.o
Default_Handler                                   objdir-CWLITEARM/stm32f3_startup.o
HAL_GPIO_Init                                     objdir-CWLITEARM/stm32f3_hal_lowlevel.o
                                                  objdir-CWLITEARM/stm32f3_hal.o
HAL_GPIO_WritePin                                 objdir-CWLITEARM/stm32f3_hal_lowlevel.o
                                                  objdir-CWLITEARM/stm32f3_hal.o
HAL_GetTick                                       objdir-CWLITEARM/stm32f3_hal_lowlevel.o
HAL_IncTick                                       objdir-CWLITEARM/stm32f3_hal_lowlevel.o
HAL_InitTick                                      objdir-CWLITEARM/stm32f3_hal_lowlevel.o
HAL_NVIC_SetPriority                              objdir-CWLITEARM/stm32f3_hal_lowlevel.o
HAL_RCC_ClockConfig                               objdir-CWLITEARM/stm32f3_hal_lowlevel.o
                                                  objdir-CWLITEARM/stm32f3_hal.o
HAL_RCC_GetPCLK1Freq                              objdir-CWLITEARM/stm32f3_hal_lowlevel.o
HAL_RCC_GetPCLK2Freq                              objdir-CWLITEARM/stm32f3_hal_lowlevel.o
HAL_RCC_GetSysClockFreq                           objdir-CWLITEARM/stm32f3_hal_lowlevel.o
HAL_RCC_OscConfig                                 objdir-CWLITEARM/stm32f3_hal_lowlevel.o
                                                  objdir-CWLITEARM/stm32f3_hal.o
HAL_UART_Init                                     objdir-CWLITEARM/stm32f3_hal_lowlevel.o
                                                  objdir-CWLITEARM/stm32f3_hal.o
HAL_UART_Receive                                  objdir-CWLITEARM/stm32f3_hal_lowlevel.o
                                                  objdir-CWLITEARM/stm32f3_hal.o
HAL_UART_Transmit                                 objdir-CWLITEARM/stm32f3_hal_lowlevel.o
                                                  objdir-CWLITEARM/stm32f3_hal.o
HardFault_Handler                                 objdir-CWLITEARM/stm32f3_startup.o
MemManage_Handler                                 objdir-CWLITEARM/stm32f3_startup.o
NMI_Handler                                       objdir-CWLITEARM/stm32f3_startup.o
PendSV_Handler                                    objdir-CWLITEARM/stm32f3_startup.o
Rcon                                              objdir-CWLITEARM/aes.o
Reset_Handler                                     objdir-CWLITEARM/stm32f3_startup.o
SVC_Handler                                       objdir-CWLITEARM/stm32f3_startup.o
SysTick_Handler                                   objdir-CWLITEARM/stm32f3_startup.o
SystemCoreClock                                   objdir-CWLITEARM/stm32f3_hal_lowlevel.o
SystemInit                                        objdir-CWLITEARM/stm32f3_startup.o
UART_CheckIdleState                               objdir-CWLITEARM/stm32f3_hal_lowlevel.o
UART_SetConfig                                    objdir-CWLITEARM/stm32f3_hal_lowlevel.o
UART_WaitOnFlagUntilTimeout                       objdir-CWLITEARM/stm32f3_hal_lowlevel.o
UartHandle                                        objdir-CWLITEARM/stm32f3_hal.o
UsageFault_Handler                                objdir-CWLITEARM/stm32f3_startup.o
_ITM_deregisterTMCloneTable                       /Applications/ArmGNUToolchain/15.2.rel1/arm-none-eabi/bin/../lib/gcc/arm-none-eabi/15.2.1/thumb/v7e-m/nofp/crtbegin.o
_ITM_registerTMCloneTable                         /Applications/ArmGNUToolchain/15.2.rel1/arm-none-eabi/bin/../lib/gcc/arm-none-eabi/15.2.1/thumb/v7e-m/nofp/crtbegin.o
__TMC_END__                                       /Applications/ArmGNUToolchain/15.2.rel1/arm-none-eabi/bin/../lib/gcc/arm-none-eabi/15.2.1/thumb/v7e-m/nofp/crtend.o
                                                  /Applications/ArmGNUToolchain/15.2.rel1/arm-none-eabi/bin/../lib/gcc/arm-none-eabi/15.2.1/thumb/v7e-m/nofp/crtbegin.o
__bss_end__                                       /Applications/ArmGNUToolchain/15.2.rel1/arm-none-eabi/bin/../lib/gcc/arm-none-eabi/15.2.1/../../../../arm-none-eabi/lib/thumb/v7e-m/nofp/crt0.o
__bss_start__                                     /Applications/ArmGNUToolchain/15.2.rel1/arm-none-eabi/bin/../lib/gcc/arm-none-eabi/15.2.1/../../../../arm-none-eabi/lib/thumb/v7e-m/nofp/crt0.o
__call_exitprocs                                  /Applications/ArmGNUToolchain/15.2.rel1/arm-none-eabi/bin/../lib/gcc/arm-none-eabi/15.2.1/../../../../arm-none-eabi/lib/thumb/v7e-m/nofp/libg_nano.a(libc_a-exit.o)
__deregister_frame_info                           /Applications/ArmGNUToolchain/15.2.rel1/arm-none-eabi/bin/../lib/gcc/arm-none-eabi/15.2.1/thumb/v7e-m/nofp/crtbegin.o
__dso_handle                                      /Applications/ArmGNUToolchain/15.2.rel1/arm-none-eabi/bin/../lib/gcc/arm-none-eabi/15.2.1/thumb/v7e-m/nofp/crtbegin.o
__errno                                           /Applications/ArmGNUToolchain/15.2.rel1/arm-none-eabi/bin/../lib/gcc/arm-none-eabi/15.2.1/../../../../arm-none-eabi/lib/thumb/v7e-m/nofp/libg_nano.a(libc_a-errno.o)
                                                  objdir-CWLITEARM/stm32f3_sysmem.o
__fp_lock_all                                     /Applications/ArmGNUToolchain/15.2.rel1/arm-none-eabi/bin/../lib/gcc/arm-none-eabi/15.2.1/../../../../arm-none-eabi/lib/thumb/v7e-m/nofp/libg_nano.a(libc_a-findfp.o)
__fp_unlock_all                                   /Applications/ArmGNUToolchain/15.2.rel1/arm-none-eabi/bin/../lib/gcc/arm-none-eabi/15.2.1/../../../../arm-none-eabi/lib/thumb/v7e-m/nofp/libg_nano.a(libc_a-findfp.o)
__init_array_end                                  /Applications/ArmGNUToolchain/15.2.rel1/arm-none-eabi/bin/../lib/gcc/arm-none-eabi/15.2.1/../../../../arm-none-eabi/lib/thumb/v7e-m/nofp/libg_nano.a(libc_a-init.o)
__init_array_start                                /Applications/ArmGNUToolchain/15.2.rel1/arm-none-eabi/bin/../lib/gcc/arm-none-eabi/15.2.1/../../../../arm-none-eabi/lib/thumb/v7e-m/nofp/libg_nano.a(libc_a-init.o)
__libc_fini_array                                 /Applications/ArmGNUToolchain/15.2.rel1/arm-none-eabi/bin/../lib/gcc/arm-none-eabi/15.2.1/../../../../arm-none-eabi/lib/thumb/v7e-m/nofp/crt0.o
__libc_init_array                                 /Applications/ArmGNUToolchain/15.2.rel1/arm-none-eabi/bin/../lib/gcc/arm-none-eabi/15.2.1/../../../../arm-none-eabi/lib/thumb/v7e-m/nofp/libg_nano.a(libc_a-init.o)
                                                  objdir-CWLITEARM/stm32f3_startup.o
                                                  /Applications/ArmGNUToolchain/15.2.rel1/arm-none-eabi/bin/../lib/gcc/arm-none-eabi/15.2.1/../../../../arm-none-eabi/lib/thumb/v7e-m/nofp/crt0.o
__lock___arc4random_mutex                         /Applications/ArmGNUToolchain/15.2.rel1/arm-none-eabi/bin/../lib/gcc/arm-none-eabi/15.2.1/../../../../arm-none-eabi/lib/thumb/v7e-m/nofp/libg_nano.a(libc_a-lock.o)
__lock___at_quick_exit_mutex                      /Applications/ArmGNUToolchain/15.2.rel1/arm-none-eabi/bin/../lib/gcc/arm-none-eabi/15.2.1/../../../../arm-none-eabi/lib/thumb/v7e-m/nofp/libg_nano.a(libc_a-lock.o)
__lock___atexit_recursive_mutex                   /Applications/ArmGNUToolchain/15.2.rel1/arm-none-eabi/bin/../lib/gcc/arm-none-eabi/15.2.1/../../../../arm-none-eabi/lib/thumb/v7e-m/nofp/libg_nano.a(libc_a-lock.o)
__lock___dd_hash_mutex                            /Applications/ArmGNUToolchain/15.2.rel1/arm-none-eabi/bin/../lib/gcc/arm-none-eabi/15.2.1/../../../../arm-none-eabi/lib/thumb/v7e-m/nofp/libg_nano.a(libc_a-lock.o)
__lock___env_recursive_mutex                      /Applications/ArmGNUToolchain/15.2.rel1/arm-none-eabi/bin/../lib/gcc/arm-none-eabi/15.2.1/../../../../arm-none-eabi/lib/thumb/v7e-m/nofp/libg_nano.a(libc_a-lock.o)
__lock___malloc_recursive_mutex                   /Applications/ArmGNUToolchain/15.2.rel1/arm-none-eabi/bin/../lib/gcc/arm-none-eabi/15.2.1/../../../../arm-none-eabi/lib/thumb/v7e-m/nofp/libg_nano.a(libc_a-lock.o)
                                                  /Applications/ArmGNUToolchain/15.2.rel1/arm-none-eabi/bin/../lib/gcc/arm-none-eabi/15.2.1/../../../../arm-none-eabi/lib/thumb/v7e-m/nofp/libg_nano.a(libc_a-mlock.o)
__lock___sfp_recursive_mutex                      /Applications/ArmGNUToolchain/15.2.rel1/arm-none-eabi/bin/../lib/gcc/arm-none-eabi/15.2.1/../../../../arm-none-eabi/lib/thumb/v7e-m/nofp/libg_nano.a(libc_a-lock.o)
                                                  /Applications/ArmGNUToolchain/15.2.rel1/arm-none-eabi/bin/../lib/gcc/arm-none-eabi/15.2.1/../../../../arm-none-eabi/lib/thumb/v7e-m/nofp/libg_nano.a(libc_a-findfp.o)
__lock___tz_mutex                                 /Applications/ArmGNUToolchain/15.2.rel1/arm-none-eabi/bin/../lib/gcc/arm-none-eabi/15.2.1/../../../../arm-none-eabi/lib/thumb/v7e-m/nofp/libg_nano.a(libc_a-lock.o)
__malloc_free_list                                /Applications/ArmGNUToolchain/15.2.rel1/arm-none-eabi/bin/../lib/gcc/arm-none-eabi/15.2.1/../../../../arm-none-eabi/lib/thumb/v7e-m/nofp/libg_nano.a(libc_a-mallocr.o)
                                                  /Applications/ArmGNUToolchain/15.2.rel1/arm-none-eabi/bin/../lib/gcc/arm-none-eabi/15.2.1/../../../../arm-none-eabi/lib/thumb/v7e-m/nofp/libg_nano.a(libc_a-freer.o)
__malloc_lock                                     /Applications/ArmGNUToolchain/15.2.rel1/arm-none-eabi/bin/../lib/gcc/arm-none-eabi/15.2.1/../../../../arm-none-eabi/lib/thumb/v7e-m/nofp/libg_nano.a(libc_a-mlock.o)
                                                  /Applications/ArmGNUToolchain/15.2.rel1/arm-none-eabi/bin/../lib/gcc/arm-none-eabi/15.2.1/../../../../arm-none-eabi/lib/thumb/v7e-m/nofp/libg_nano.a(libc_a-freer.o)
                                                  /Applications/ArmGNUToolchain/15.2.rel1/arm-none-eabi/bin/../lib/gcc/arm-none-eabi/15.2.1/../../../../arm-none-eabi/lib/thumb/v7e-m/nofp/libg_nano.a(libc_a-mallocr.o)
__malloc_sbrk_start                               /Applications/ArmGNUToolchain/15.2.rel1/arm-none-eabi/bin/../lib/gcc/arm-none-eabi/15.2.1/../../../../arm-none-eabi/lib/thumb/v7e-m/nofp/libg_nano.a(libc_a-mallocr.o)
__malloc_unlock                                   /Applications/ArmGNUToolchain/15.2.rel1/arm-none-eabi/bin/../lib/gcc/arm-none-eabi/15.2.1/../../../../arm-none-eabi/lib/thumb/v7e-m/nofp/libg_nano.a(libc_a-mlock.o)
                                                  /Applications/ArmGNUToolchain/15.2.rel1/arm-none-eabi/bin/../lib/gcc/arm-none-eabi/15.2.1/../../../../arm-none-eabi/lib/thumb/v7e-m/nofp/libg_nano.a(libc_a-freer.o)
                                                  /Applications/ArmGNUToolchain/15.2.rel1/arm-none-eabi/bin/../lib/gcc/arm-none-eabi/15.2.1/../../../../arm-none-eabi/lib/thumb/v7e-m/nofp/libg_nano.a(libc_a-mallocr.o)
__preinit_array_end                               /Applications/ArmGNUToolchain/15.2.rel1/arm-none-eabi/bin/../lib/gcc/arm-none-eabi/15.2.1/../../../../arm-none-eabi/lib/thumb/v7e-m/nofp/libg_nano.a(libc_a-init.o)
__preinit_array_start                             /Applications/ArmGNUToolchain/15.2.rel1/arm-none-eabi/bin/../lib/gcc/arm-none-eabi/15.2.1/../../../../arm-none-eabi/lib/thumb/v7e-m/nofp/libg_nano.a(libc_a-init.o)
__register_frame_info                             /Applications/ArmGNUToolchain/15.2.rel1/arm-none-eabi/bin/../lib/gcc/arm-none-eabi/15.2.1/thumb/v7e-m/nofp/crtbegin.o
__retarget_lock_acquire                           /Applications/ArmGNUToolchain/15.2.rel1/arm-none-eabi/bin/../lib/gcc/arm-none-eabi/15.2.1/../../../../arm-none-eabi/lib/thumb/v7e-m/nofp/libg_nano.a(libc_a-lock.o)
__retarget_lock_acquire_recursive                 /Applications/ArmGNUToolchain/15.2.rel1/arm-none-eabi/bin/../lib/gcc/arm-none-eabi/15.2.1/../../../../arm-none-eabi/lib/thumb/v7e-m/nofp/libg_nano.a(libc_a-lock.o)
                                                  /Applications/ArmGNUToolchain/15.2.rel1/arm-none-eabi/bin/../lib/gcc/arm-none-eabi/15.2.1/../../../../arm-none-eabi/lib/thumb/v7e-m/nofp/libg_nano.a(libc_a-fflush.o)
                                                  /Applications/ArmGNUToolchain/15.2.rel1/arm-none-eabi/bin/../lib/gcc/arm-none-eabi/15.2.1/../../../../arm-none-eabi/lib/thumb/v7e-m/nofp/libg_nano.a(libc_a-mlock.o)
                                                  /Applications/ArmGNUToolchain/15.2.rel1/arm-none-eabi/bin/../lib/gcc/arm-none-eabi/15.2.1/../../../../arm-none-eabi/lib/thumb/v7e-m/nofp/libg_nano.a(libc_a-findfp.o)
__retarget_lock_close                             /Applications/ArmGNUToolchain/15.2.rel1/arm-none-eabi/bin/../lib/gcc/arm-none-eabi/15.2.1/../../../../arm-none-eabi/lib/thumb/v7e-m/nofp/libg_nano.a(libc_a-lock.o)
__retarget_lock_close_recursive                   /Applications/ArmGNUToolchain/15.2.rel1/arm-none-eabi/bin/../lib/gcc/arm-none-eabi/15.2.1/../../../../arm-none-eabi/lib/thumb/v7e-m/nofp/libg_nano.a(libc_a-lock.o)
__retarget_lock_init                              /Applications/ArmGNUToolchain/15.2.rel1/arm-none-eabi/bin/../lib/gcc/arm-none-eabi/15.2.1/../../../../arm-none-eabi/lib/thumb/v7e-m/nofp/libg_nano.a(libc_a-lock.o)
__retarget_lock_init_recursive                    /Applications/ArmGNUToolchain/15.2.rel1/arm-none-eabi/bin/../lib/gcc/arm-none-eabi/15.2.1/../../../../arm-none-eabi/lib/thumb/v7e-m/nofp/libg_nano.a(libc_a-lock.o)
                                                  /Applications/ArmGNUToolchain/15.2.rel1/arm-none-eabi/bin/../lib/gcc/arm-none-eabi/15.2.1/../../../../arm-none-eabi/lib/thumb/v7e-m/nofp/libg_nano.a(libc_a-findfp.o)
__retarget_lock_release                           /Applications/ArmGNUToolchain/15.2.rel1/arm-none-eabi/bin/../lib/gcc/arm-none-eabi/15.2.1/../../../../arm-none-eabi/lib/thumb/v7e-m/nofp/libg_nano.a(libc_a-lock.o)
__retarget_lock_release_recursive                 /Applications/ArmGNUToolchain/15.2.rel1/arm-none-eabi/bin/../lib/gcc/arm-none-eabi/15.2.1/../../../../arm-none-eabi/lib/thumb/v7e-m/nofp/libg_nano.a(libc_a-lock.o)
                                                  /Applications/ArmGNUToolchain/15.2.rel1/arm-none-eabi/bin/../lib/gcc/arm-none-eabi/15.2.1/../../../../arm-none-eabi/lib/thumb/v7e-m/nofp/libg_nano.a(libc_a-fflush.o)
                                                  /Applications/ArmGNUToolchain/15.2.rel1/arm-none-eabi/bin/../lib/gcc/arm-none-eabi/15.2.1/../../../../arm-none-eabi/lib/thumb/v7e-m/nofp/libg_nano.a(libc_a-mlock.o)
                                                  /Applications/ArmGNUToolchain/15.2.rel1/arm-none-eabi/bin/../lib/gcc/arm-none-eabi/15.2.1/../../../../arm-none-eabi/lib/thumb/v7e-m/nofp/libg_nano.a(libc_a-findfp.o)
__retarget_lock_try_acquire                       /Applications/ArmGNUToolchain/15.2.rel1/arm-none-eabi/bin/../lib/gcc/arm-none-eabi/15.2.1/../../../../arm-none-eabi/lib/thumb/v7e-m/nofp/libg_nano.a(libc_a-lock.o)
__retarget_lock_try_acquire_recursive             /Applications/ArmGNUToolchain/15.2.rel1/arm-none-eabi/bin/../lib/gcc/arm-none-eabi/15.2.1/../../../../arm-none-eabi/lib/thumb/v7e-m/nofp/libg_nano.a(libc_a-lock.o)
__sclose                                          /Applications/ArmGNUToolchain/15.2.rel1/arm-none-eabi/bin/../lib/gcc/arm-none-eabi/15.2.1/../../../../arm-none-eabi/lib/thumb/v7e-m/nofp/libg_nano.a(libc_a-stdio.o)
                                                  /Applications/ArmGNUToolchain/15.2.rel1/arm-none-eabi/bin/../lib/gcc/arm-none-eabi/15.2.1/../../../../arm-none-eabi/lib/thumb/v7e-m/nofp/libg_nano.a(libc_a-findfp.o)
__seofread                                        /Applications/ArmGNUToolchain/15.2.rel1/arm-none-eabi/bin/../lib/gcc/arm-none-eabi/15.2.1/../../../../arm-none-eabi/lib/thumb/v7e-m/nofp/libg_nano.a(libc_a-stdio.o)
__sf                                              /Applications/ArmGNUToolchain/15.2.rel1/arm-none-eabi/bin/../lib/gcc/arm-none-eabi/15.2.1/../../../../arm-none-eabi/lib/thumb/v7e-m/nofp/libg_nano.a(libc_a-findfp.o)
                                                  /Applications/ArmGNUToolchain/15.2.rel1/arm-none-eabi/bin/../lib/gcc/arm-none-eabi/15.2.1/../../../../arm-none-eabi/lib/thumb/v7e-m/nofp/libg_nano.a(libc_a-impure.o)
__sflush_r                                        /Applications/ArmGNUToolchain/15.2.rel1/arm-none-eabi/bin/../lib/gcc/arm-none-eabi/15.2.1/../../../../arm-none-eabi/lib/thumb/v7e-m/nofp/libg_nano.a(libc_a-fflush.o)
__sfp                                             /Applications/ArmGNUToolchain/15.2.rel1/arm-none-eabi/bin/../lib/gcc/arm-none-eabi/15.2.1/../../../../arm-none-eabi/lib/thumb/v7e-m/nofp/libg_nano.a(libc_a-findfp.o)
__sfp_lock_acquire                                /Applications/ArmGNUToolchain/15.2.rel1/arm-none-eabi/bin/../lib/gcc/arm-none-eabi/15.2.1/../../../../arm-none-eabi/lib/thumb/v7e-m/nofp/libg_nano.a(libc_a-findfp.o)
__sfp_lock_release                                /Applications/ArmGNUToolchain/15.2.rel1/arm-none-eabi/bin/../lib/gcc/arm-none-eabi/15.2.1/../../../../arm-none-eabi/lib/thumb/v7e-m/nofp/libg_nano.a(libc_a-findfp.o)
__sglue                                           /Applications/ArmGNUToolchain/15.2.rel1/arm-none-eabi/bin/../lib/gcc/arm-none-eabi/15.2.1/../../../../arm-none-eabi/lib/thumb/v7e-m/nofp/libg_nano.a(libc_a-findfp.o)
                                                  /Applications/ArmGNUToolchain/15.2.rel1/arm-none-eabi/bin/../lib/gcc/arm-none-eabi/15.2.1/../../../../arm-none-eabi/lib/thumb/v7e-m/nofp/libg_nano.a(libc_a-fflush.o)
__sinit                                           /Applications/ArmGNUToolchain/15.2.rel1/arm-none-eabi/bin/../lib/gcc/arm-none-eabi/15.2.1/../../../../arm-none-eabi/lib/thumb/v7e-m/nofp/libg_nano.a(libc_a-findfp.o)
                                                  /Applications/ArmGNUToolchain/15.2.rel1/arm-none-eabi/bin/../lib/gcc/arm-none-eabi/15.2.1/../../../../arm-none-eabi/lib/thumb/v7e-m/nofp/libg_nano.a(libc_a-fflush.o)
__sread                                           /Applications/ArmGNUToolchain/15.2.rel1/arm-none-eabi/bin/../lib/gcc/arm-none-eabi/15.2.1/../../../../arm-none-eabi/lib/thumb/v7e-m/nofp/libg_nano.a(libc_a-stdio.o)
                                                  /Applications/ArmGNUToolchain/15.2.rel1/arm-none-eabi/bin/../lib/gcc/arm-none-eabi/15.2.1/../../../../arm-none-eabi/lib/thumb/v7e-m/nofp/libg_nano.a(libc_a-findfp.o)
__sseek                                           /Applications/ArmGNUToolchain/15.2.rel1/arm-none-eabi/bin/../lib/gcc/arm-none-eabi/15.2.1/../../../../arm-none-eabi/lib/thumb/v7e-m/nofp/libg_nano.a(libc_a-stdio.o)
                                                  /Applications/ArmGNUToolchain/15.2.rel1/arm-none-eabi/bin/../lib/gcc/arm-none-eabi/15.2.1/../../../../arm-none-eabi/lib/thumb/v7e-m/nofp/libg_nano.a(libc_a-findfp.o)
__stack                                           /Applications/ArmGNUToolchain/15.2.rel1/arm-none-eabi/bin/../lib/gcc/arm-none-eabi/15.2.1/../../../../arm-none-eabi/lib/thumb/v7e-m/nofp/crt0.o
__stdio_exit_handler                              /Applications/ArmGNUToolchain/15.2.rel1/arm-none-eabi/bin/../lib/gcc/arm-none-eabi/15.2.1/../../../../arm-none-eabi/lib/thumb/v7e-m/nofp/libg_nano.a(libc_a-findfp.o)
                                                  /Applications/ArmGNUToolchain/15.2.rel1/arm-none-eabi/bin/../lib/gcc/arm-none-eabi/15.2.1/../../../../arm-none-eabi/lib/thumb/v7e-m/nofp/libg_nano.a(libc_a-exit.o)
__swrite                                          /Applications/ArmGNUToolchain/15.2.rel1/arm-none-eabi/bin/../lib/gcc/arm-none-eabi/15.2.1/../../../../arm-none-eabi/lib/thumb/v7e-m/nofp/libg_nano.a(libc_a-stdio.o)
                                                  /Applications/ArmGNUToolchain/15.2.rel1/arm-none-eabi/bin/../lib/gcc/arm-none-eabi/15.2.1/../../../../arm-none-eabi/lib/thumb/v7e-m/nofp/libg_nano.a(libc_a-findfp.o)
_close                                            /Applications/ArmGNUToolchain/15.2.rel1/arm-none-eabi/bin/../lib/gcc/arm-none-eabi/15.2.1/../../../../arm-none-eabi/lib/thumb/v7e-m/nofp/libnosys.a(close.o)
                                                  /Applications/ArmGNUToolchain/15.2.rel1/arm-none-eabi/bin/../lib/gcc/arm-none-eabi/15.2.1/../../../../arm-none-eabi/lib/thumb/v7e-m/nofp/libg_nano.a(libc_a-closer.o)
_close_r                                          /Applications/ArmGNUToolchain/15.2.rel1/arm-none-eabi/bin/../lib/gcc/arm-none-eabi/15.2.1/../../../../arm-none-eabi/lib/thumb/v7e-m/nofp/libg_nano.a(libc_a-closer.o)
                                                  /Applications/ArmGNUToolchain/15.2.rel1/arm-none-eabi/bin/../lib/gcc/arm-none-eabi/15.2.1/../../../../arm-none-eabi/lib/thumb/v7e-m/nofp/libg_nano.a(libc_a-stdio.o)
_ebss                                             objdir-CWLITEARM/stm32f3_startup.o
_edata                                            objdir-CWLITEARM/stm32f3_startup.o
_estack                                           objdir-CWLITEARM/stm32f3_startup.o
_exit                                             /Applications/ArmGNUToolchain/15.2.rel1/arm-none-eabi/bin/../lib/gcc/arm-none-eabi/15.2.1/../../../../arm-none-eabi/lib/thumb/v7e-m/nofp/libnosys.a(_exit.o)
                                                  /Applications/ArmGNUToolchain/15.2.rel1/arm-none-eabi/bin/../lib/gcc/arm-none-eabi/15.2.1/../../../../arm-none-eabi/lib/thumb/v7e-m/nofp/libg_nano.a(libc_a-exit.o)
_fflush_r                                         /Applications/ArmGNUToolchain/15.2.rel1/arm-none-eabi/bin/../lib/gcc/arm-none-eabi/15.2.1/../../../../arm-none-eabi/lib/thumb/v7e-m/nofp/libg_nano.a(libc_a-fflush.o)
                                                  /Applications/ArmGNUToolchain/15.2.rel1/arm-none-eabi/bin/../lib/gcc/arm-none-eabi/15.2.1/../../../../arm-none-eabi/lib/thumb/v7e-m/nofp/libg_nano.a(libc_a-findfp.o)
_fini                                             /Applications/ArmGNUToolchain/15.2.rel1/arm-none-eabi/bin/../lib/gcc/arm-none-eabi/15.2.1/thumb/v7e-m/nofp/crti.o
_free_r                                           /Applications/ArmGNUToolchain/15.2.rel1/arm-none-eabi/bin/../lib/gcc/arm-none-eabi/15.2.1/../../../../arm-none-eabi/lib/thumb/v7e-m/nofp/libg_nano.a(libc_a-freer.o)
                                                  /Applications/ArmGNUToolchain/15.2.rel1/arm-none-eabi/bin/../lib/gcc/arm-none-eabi/15.2.1/../../../../arm-none-eabi/lib/thumb/v7e-m/nofp/libg_nano.a(libc_a-reent.o)
                                                  /Applications/ArmGNUToolchain/15.2.rel1/arm-none-eabi/bin/../lib/gcc/arm-none-eabi/15.2.1/../../../../arm-none-eabi/lib/thumb/v7e-m/nofp/libg_nano.a(libc_a-fflush.o)
_fwalk_sglue                                      /Applications/ArmGNUToolchain/15.2.rel1/arm-none-eabi/bin/../lib/gcc/arm-none-eabi/15.2.1/../../../../arm-none-eabi/lib/thumb/v7e-m/nofp/libg_nano.a(libc_a-fwalk.o)
                                                  /Applications/ArmGNUToolchain/15.2.rel1/arm-none-eabi/bin/../lib/gcc/arm-none-eabi/15.2.1/../../../../arm-none-eabi/lib/thumb/v7e-m/nofp/libg_nano.a(libc_a-fflush.o)
                                                  /Applications/ArmGNUToolchain/15.2.rel1/arm-none-eabi/bin/../lib/gcc/arm-none-eabi/15.2.1/../../../../arm-none-eabi/lib/thumb/v7e-m/nofp/libg_nano.a(libc_a-findfp.o)
_impure_data                                      /Applications/ArmGNUToolchain/15.2.rel1/arm-none-eabi/bin/../lib/gcc/arm-none-eabi/15.2.1/../../../../arm-none-eabi/lib/thumb/v7e-m/nofp/libg_nano.a(libc_a-impure.o)
                                                  /Applications/ArmGNUToolchain/15.2.rel1/arm-none-eabi/bin/../lib/gcc/arm-none-eabi/15.2.1/../../../../arm-none-eabi/lib/thumb/v7e-m/nofp/libg_nano.a(libc_a-fflush.o)
                                                  /Applications/ArmGNUToolchain/15.2.rel1/arm-none-eabi/bin/../lib/gcc/arm-none-eabi/15.2.1/../../../../arm-none-eabi/lib/thumb/v7e-m/nofp/libg_nano.a(libc_a-findfp.o)
_impure_ptr                                       /Applications/ArmGNUToolchain/15.2.rel1/arm-none-eabi/bin/../lib/gcc/arm-none-eabi/15.2.1/../../../../arm-none-eabi/lib/thumb/v7e-m/nofp/libg_nano.a(libc_a-impure.o)
                                                  /Applications/ArmGNUToolchain/15.2.rel1/arm-none-eabi/bin/../lib/gcc/arm-none-eabi/15.2.1/../../../../arm-none-eabi/lib/thumb/v7e-m/nofp/libg_nano.a(libc_a-reent.o)
                                                  /Applications/ArmGNUToolchain/15.2.rel1/arm-none-eabi/bin/../lib/gcc/arm-none-eabi/15.2.1/../../../../arm-none-eabi/lib/thumb/v7e-m/nofp/libg_nano.a(libc_a-fflush.o)
                                                  /Applications/ArmGNUToolchain/15.2.rel1/arm-none-eabi/bin/../lib/gcc/arm-none-eabi/15.2.1/../../../../arm-none-eabi/lib/thumb/v7e-m/nofp/libg_nano.a(libc_a-errno.o)
_init                                             /Applications/ArmGNUToolchain/15.2.rel1/arm-none-eabi/bin/../lib/gcc/arm-none-eabi/15.2.1/thumb/v7e-m/nofp/crti.o
                                                  /Applications/ArmGNUToolchain/15.2.rel1/arm-none-eabi/bin/../lib/gcc/arm-none-eabi/15.2.1/../../../../arm-none-eabi/lib/thumb/v7e-m/nofp/libg_nano.a(libc_a-init.o)
_lseek                                            /Applications/ArmGNUToolchain/15.2.rel1/arm-none-eabi/bin/../lib/gcc/arm-none-eabi/15.2.1/../../../../arm-none-eabi/lib/thumb/v7e-m/nofp/libnosys.a(lseek.o)
                                                  /Applications/ArmGNUToolchain/15.2.rel1/arm-none-eabi/bin/../lib/gcc/arm-none-eabi/15.2.1/../../../../arm-none-eabi/lib/thumb/v7e-m/nofp/libg_nano.a(libc_a-lseekr.o)
_lseek_r                                          /Applications/ArmGNUToolchain/15.2.rel1/arm-none-eabi/bin/../lib/gcc/arm-none-eabi/15.2.1/../../../../arm-none-eabi/lib/thumb/v7e-m/nofp/libg_nano.a(libc_a-lseekr.o)
                                                  /Applications/ArmGNUToolchain/15.2.rel1/arm-none-eabi/bin/../lib/gcc/arm-none-eabi/15.2.1/../../../../arm-none-eabi/lib/thumb/v7e-m/nofp/libg_nano.a(libc_a-stdio.o)
_mainCRTStartup                                   /Applications/ArmGNUToolchain/15.2.rel1/arm-none-eabi/bin/../lib/gcc/arm-none-eabi/15.2.1/../../../../arm-none-eabi/lib/thumb/v7e-m/nofp/crt0.o
_malloc_r                                         /Applications/ArmGNUToolchain/15.2.rel1/arm-none-eabi/bin/../lib/gcc/arm-none-eabi/15.2.1/../../../../arm-none-eabi/lib/thumb/v7e-m/nofp/libg_nano.a(libc_a-mallocr.o)
                                                  /Applications/ArmGNUToolchain/15.2.rel1/arm-none-eabi/bin/../lib/gcc/arm-none-eabi/15.2.1/../../../../arm-none-eabi/lib/thumb/v7e-m/nofp/libg_nano.a(libc_a-findfp.o)
_read                                             /Applications/ArmGNUToolchain/15.2.rel1/arm-none-eabi/bin/../lib/gcc/arm-none-eabi/15.2.1/../../../../arm-none-eabi/lib/thumb/v7e-m/nofp/libnosys.a(read.o)
                                                  /Applications/ArmGNUToolchain/15.2.rel1/arm-none-eabi/bin/../lib/gcc/arm-none-eabi/15.2.1/../../../../arm-none-eabi/lib/thumb/v7e-m/nofp/libg_nano.a(libc_a-readr.o)
_read_r                                           /Applications/ArmGNUToolchain/15.2.rel1/arm-none-eabi/bin/../lib/gcc/arm-none-eabi/15.2.1/../../../../arm-none-eabi/lib/thumb/v7e-m/nofp/libg_nano.a(libc_a-readr.o)
                                                  /Applications/ArmGNUToolchain/15.2.rel1/arm-none-eabi/bin/../lib/gcc/arm-none-eabi/15.2.1/../../../../arm-none-eabi/lib/thumb/v7e-m/nofp/libg_nano.a(libc_a-stdio.o)
_reclaim_reent                                    /Applications/ArmGNUToolchain/15.2.rel1/arm-none-eabi/bin/../lib/gcc/arm-none-eabi/15.2.1/../../../../arm-none-eabi/lib/thumb/v7e-m/nofp/libg_nano.a(libc_a-reent.o)
_sbrk                                             objdir-CWLITEARM/stm32f3_sysmem.o
                                                  /Applications/ArmGNUToolchain/15.2.rel1/arm-none-eabi/bin/../lib/gcc/arm-none-eabi/15.2.1/../../../../arm-none-eabi/lib/thumb/v7e-m/nofp/libg_nano.a(libc_a-sbrkr.o)
_sbrk_r                                           /Applications/ArmGNUToolchain/15.2.rel1/arm-none-eabi/bin/../lib/gcc/arm-none-eabi/15.2.1/../../../../arm-none-eabi/lib/thumb/v7e-m/nofp/libg_nano.a(libc_a-sbrkr.o)
                                                  /Applications/ArmGNUToolchain/15.2.rel1/arm-none-eabi/bin/../lib/gcc/arm-none-eabi/15.2.1/../../../../arm-none-eabi/lib/thumb/v7e-m/nofp/libg_nano.a(libc_a-mallocr.o)
_sbss                                             objdir-CWLITEARM/stm32f3_startup.o
_sdata                                            objdir-CWLITEARM/stm32f3_startup.o
_sidata                                           objdir-CWLITEARM/stm32f3_startup.o
_stack_init                                       /Applications/ArmGNUToolchain/15.2.rel1/arm-none-eabi/bin/../lib/gcc/arm-none-eabi/15.2.1/../../../../arm-none-eabi/lib/thumb/v7e-m/nofp/crt0.o
_start                                            /Applications/ArmGNUToolchain/15.2.rel1/arm-none-eabi/bin/../lib/gcc/arm-none-eabi/15.2.1/../../../../arm-none-eabi/lib/thumb/v7e-m/nofp/crt0.o
_write                                            /Applications/ArmGNUToolchain/15.2.rel1/arm-none-eabi/bin/../lib/gcc/arm-none-eabi/15.2.1/../../../../arm-none-eabi/lib/thumb/v7e-m/nofp/libnosys.a(write.o)
                                                  /Applications/ArmGNUToolchain/15.2.rel1/arm-none-eabi/bin/../lib/gcc/arm-none-eabi/15.2.1/../../../../arm-none-eabi/lib/thumb/v7e-m/nofp/libg_nano.a(libc_a-writer.o)
_write_r                                          /Applications/ArmGNUToolchain/15.2.rel1/arm-none-eabi/bin/../lib/gcc/arm-none-eabi/15.2.1/../../../../arm-none-eabi/lib/thumb/v7e-m/nofp/libg_nano.a(libc_a-writer.o)
                                                  /Applications/ArmGNUToolchain/15.2.rel1/arm-none-eabi/bin/../lib/gcc/arm-none-eabi/15.2.1/../../../../arm-none-eabi/lib/thumb/v7e-m/nofp/libg_nano.a(libc_a-stdio.o)
aes_indep_enc                                     objdir-CWLITEARM/aes-independant.o
aes_indep_enc_posttrigger                         objdir-CWLITEARM/aes-independant.o
aes_indep_enc_pretrigger                          objdir-CWLITEARM/aes-independant.o
aes_indep_init                                    objdir-CWLITEARM/aes-independant.o
aes_indep_key                                     objdir-CWLITEARM/aes-independant.o
aes_indep_mask                                    objdir-CWLITEARM/aes-independant.o
atexit                                            /Applications/ArmGNUToolchain/15.2.rel1/arm-none-eabi/bin/../lib/gcc/arm-none-eabi/15.2.1/../../../../arm-none-eabi/lib/thumb/v7e-m/nofp/crt0.o
change_err_led                                    objdir-CWLITEARM/stm32f3_hal.o
                                                  objdir-CWLITEARM/c_code.o
change_ok_led                                     objdir-CWLITEARM/stm32f3_hal.o
                                                  objdir-CWLITEARM/c_code.o
check_version                                     objdir-CWLITEARM/simpleserial.o
enckey                                            objdir-CWLITEARM/aes-independant.o
end                                               objdir-CWLITEARM/stm32f3_sysmem.o
errno                                             /Applications/ArmGNUToolchain/15.2.rel1/arm-none-eabi/bin/../lib/gcc/arm-none-eabi/15.2.1/../../../../arm-none-eabi/lib/thumb/v7e-m/nofp/libg_nano.a(libc_a-reent.o)
                                                  /Applications/ArmGNUToolchain/15.2.rel1/arm-none-eabi/bin/../lib/gcc/arm-none-eabi/15.2.1/../../../../arm-none-eabi/lib/thumb/v7e-m/nofp/libnosys.a(write.o)
                                                  /Applications/ArmGNUToolchain/15.2.rel1/arm-none-eabi/bin/../lib/gcc/arm-none-eabi/15.2.1/../../../../arm-none-eabi/lib/thumb/v7e-m/nofp/libnosys.a(read.o)
                                                  /Applications/ArmGNUToolchain/15.2.rel1/arm-none-eabi/bin/../lib/gcc/arm-none-eabi/15.2.1/../../../../arm-none-eabi/lib/thumb/v7e-m/nofp/libnosys.a(lseek.o)
                                                  /Applications/ArmGNUToolchain/15.2.rel1/arm-none-eabi/bin/../lib/gcc/arm-none-eabi/15.2.1/../../../../arm-none-eabi/lib/thumb/v7e-m/nofp/libnosys.a(close.o)
                                                  /Applications/ArmGNUToolchain/15.2.rel1/arm-none-eabi/bin/../lib/gcc/arm-none-eabi/15.2.1/../../../../arm-none-eabi/lib/thumb/v7e-m/nofp/libg_nano.a(libc_a-closer.o)
                                                  /Applications/ArmGNUToolchain/15.2.rel1/arm-none-eabi/bin/../lib/gcc/arm-none-eabi/15.2.1/../../../../arm-none-eabi/lib/thumb/v7e-m/nofp/libg_nano.a(libc_a-writer.o)
                                                  /Applications/ArmGNUToolchain/15.2.rel1/arm-none-eabi/bin/../lib/gcc/arm-none-eabi/15.2.1/../../../../arm-none-eabi/lib/thumb/v7e-m/nofp/libg_nano.a(libc_a-sbrkr.o)
                                                  /Applications/ArmGNUToolchain/15.2.rel1/arm-none-eabi/bin/../lib/gcc/arm-none-eabi/15.2.1/../../../../arm-none-eabi/lib/thumb/v7e-m/nofp/libg_nano.a(libc_a-readr.o)
                                                  /Applications/ArmGNUToolchain/15.2.rel1/arm-none-eabi/bin/../lib/gcc/arm-none-eabi/15.2.1/../../../../arm-none-eabi/lib/thumb/v7e-m/nofp/libg_nano.a(libc_a-lseekr.o)
exit                                              /Applications/ArmGNUToolchain/15.2.rel1/arm-none-eabi/bin/../lib/gcc/arm-none-eabi/15.2.1/../../../../arm-none-eabi/lib/thumb/v7e-m/nofp/libg_nano.a(libc_a-exit.o)
                                                  /Applications/ArmGNUToolchain/15.2.rel1/arm-none-eabi/bin/../lib/gcc/arm-none-eabi/15.2.1/../../../../arm-none-eabi/lib/thumb/v7e-m/nofp/crt0.o
fflush                                            /Applications/ArmGNUToolchain/15.2.rel1/arm-none-eabi/bin/../lib/gcc/arm-none-eabi/15.2.1/../../../../arm-none-eabi/lib/thumb/v7e-m/nofp/libg_nano.a(libc_a-fflush.o)
g_pfnVectors                                      objdir-CWLITEARM/stm32f3_startup.o
getch                                             objdir-CWLITEARM/stm32f3_hal.o
                                                  objdir-CWLITEARM/simpleserial.o
hal_sys_tick                                      objdir-CWLITEARM/stm32f3_hal_lowlevel.o
hardware_init_hook                                /Applications/ArmGNUToolchain/15.2.rel1/arm-none-eabi/bin/../lib/gcc/arm-none-eabi/15.2.1/../../../../arm-none-eabi/lib/thumb/v7e-m/nofp/crt0.o
hex_decode                                        objdir-CWLITEARM/simpleserial.o
init_uart                                         objdir-CWLITEARM/stm32f3_hal.o
                                                  objdir-CWLITEARM/c_code.o
main                                              objdir-CWLITEARM/c_code.o
                                                  objdir-CWLITEARM/stm32f3_startup.o
                                                  /Applications/ArmGNUToolchain/15.2.rel1/arm-none-eabi/bin/../lib/gcc/arm-none-eabi/15.2.1/../../../../arm-none-eabi/lib/thumb/v7e-m/nofp/crt0.o
memset                                            /Applications/ArmGNUToolchain/15.2.rel1/arm-none-eabi/bin/../lib/gcc/arm-none-eabi/15.2.1/../../../../arm-none-eabi/lib/thumb/v7e-m/nofp/libg_nano.a(libc_a-memset.o)
                                                  /Applications/ArmGNUToolchain/15.2.rel1/arm-none-eabi/bin/../lib/gcc/arm-none-eabi/15.2.1/../../../../arm-none-eabi/lib/thumb/v7e-m/nofp/libg_nano.a(libc_a-findfp.o)
                                                  objdir-CWLITEARM/c_code.o
                                                  /Applications/ArmGNUToolchain/15.2.rel1/arm-none-eabi/bin/../lib/gcc/arm-none-eabi/15.2.1/../../../../arm-none-eabi/lib/thumb/v7e-m/nofp/crt0.o
platform_init                                     objdir-CWLITEARM/stm32f3_hal.o
                                                  objdir-CWLITEARM/c_code.o
putch                                             objdir-CWLITEARM/stm32f3_hal.o
                                                  objdir-CWLITEARM/simpleserial.o
rsbox                                             objdir-CWLITEARM/aes.o
sbox                                              objdir-CWLITEARM/aes.o
set_mode_flags                                    objdir-CWLITEARM/c_code.o
set_seed_lfsr                                     objdir-CWLITEARM/c_code.o
simpleserial_addcmd                               objdir-CWLITEARM/simpleserial.o
                                                  objdir-CWLITEARM/c_code.o
simpleserial_addcmd_flags                         objdir-CWLITEARM/simpleserial.o
simpleserial_get                                  objdir-CWLITEARM/simpleserial.o
                                                  objdir-CWLITEARM/c_code.o
simpleserial_init                                 objdir-CWLITEARM/simpleserial.o
                                                  objdir-CWLITEARM/c_code.o
simpleserial_put                                  objdir-CWLITEARM/simpleserial.o
                                                  objdir-CWLITEARM/c_code.o
software_init_hook                                /Applications/ArmGNUToolchain/15.2.rel1/arm-none-eabi/bin/../lib/gcc/arm-none-eabi/15.2.1/../../../../arm-none-eabi/lib/thumb/v7e-m/nofp/crt0.o
ss_crc                                            objdir-CWLITEARM/simpleserial.o
ss_get_commands                                   objdir-CWLITEARM/simpleserial.o
ss_num_commands                                   objdir-CWLITEARM/simpleserial.o
step_lfsr                                         objdir-CWLITEARM/c_code.o
trigger_high                                      objdir-CWLITEARM/stm32f3_hal.o
                                                  objdir-CWLITEARM/c_code.o
trigger_low                                       objdir-CWLITEARM/stm32f3_hal.o
                                                  objdir-CWLITEARM/c_code.o
trigger_setup                                     objdir-CWLITEARM/stm32f3_hal.o
                                                  objdir-CWLITEARM/c_code.o
uwTick                                            objdir-CWLITEARM/stm32f3_hal_lowlevel.o
